// Jest Snapshot v1, https://goo.gl/fbAQLP

exports[`<Link /> shallow lifecycle 1`] = `
<a
  className="normal"
  href="111"
  onMouseEnter={[Function]}
  onMouseLeave={[Function]}
>
  Facebook
</a>
`;
