// Jest Snapshot v1, https://goo.gl/fbAQLP

exports[`<LinkWithCheckbox /> renders a snapshot 1`] = `
<Link>
  <input
    checked={false}
    data-test="input"
    onChange={[MockFunction]}
    type="checkbox"
  />
</Link>
`;
